// Jest Snapshot v1, https://goo.gl/fbAQLP

exports[`🫀 Core | 🧩 Components | 🗄️ <Container> should render correctly 1`] = `
<View
  style={
    Array [
      Object {
        "flexBasis": 0,
        "flexGrow": 1,
        "flexShrink": 1,
      },
    ]
  }
  testID="CONTAINER"
>
  <Text>
    Container Children
  </Text>
</View>
`;
